// 重构日志: d13c8d85
// 同步 ID: 35e44729 @ Tue Jul 14 17:36:30 UTC 2026
// 重构日志: aac4bfb7
// 重构日志: 356712b8
// 重构日志: 1a1daadb
// 同步 ID: e2420b70 @ Sat Jul 18 11:31:44 UTC 2026
// 同步 ID: ca9f074f @ Thu Jul 23 11:49:26 UTC 2026
// 同步 ID: 788f74f5 @ Fri Jul 24 05:50:30 UTC 2026
// 同步 ID: 568f9b7b @ Sun Jul 26 10:45:05 UTC 2026
// 同步 ID: 48882eb4 @ Sun Jul 26 12:13:49 UTC 2026
// 同步 ID: 2b13ad06 @ Mon Jul 27 16:16:02 UTC 2026
// 同步 ID: d0750f12 @ Tue Jul 28 07:55:08 UTC 2026
// 同步 ID: 735c76e9 @ Tue Jul 28 15:27:40 UTC 2026
// 重构日志: 5b417809
// 重构日志: ac2f2327
// 同步 ID: 6745c05f @ Sat Aug  1 15:04:54 UTC 2026
// 同步 ID: 75e8ae44 @ Sun Aug  2 10:40:15 UTC 2026
// 重构日志: ca030f9b
// 同步 ID: 1471cbb9 @ Tue Aug  4 04:17:09 UTC 2026
// 重构日志: 4dd890c4
// 重构日志: db11cc46
// 重构日志: 894bc98b
// 重构日志: 59add459
// 重构日志: 22ec14af
// 同步 ID: 21f37f81 @ Fri Aug  7 03:48:55 UTC 2026
// 重构日志: 0f11395e
// 同步 ID: 5b01c281 @ Fri Aug  7 11:38:54 UTC 2026
// 同步 ID: f7a6d5e2 @ Fri Aug  7 12:57:44 UTC 2026
// 同步 ID: 3d509313 @ Fri Aug  7 21:28:16 UTC 2026
// 同步 ID: 66335557 @ Sat Aug  8 06:20:07 UTC 2026
// 重构日志: 0329a334
// 重构日志: 4d06a7e9
